// Jest Snapshot v1, https://goo.gl/fbAQLP

exports[`basic test 1`] = `
"/*
 * This file was generated by graphql-code-generator with the apollo-hooks-codegen plugin.
 * Any changes made to the file will be overwritten.
 */

import * as React from 'react'
import { createContext, useEffect, useState, useContext } from 'react'
import ApolloClient, {
  MutationOptions,
  ObservableQuery,
  WatchQueryOptions,
} from 'apollo-client'
import { FetchResult } from 'apollo-link'
import { DocumentNode } from 'graphql'
import gql from 'graphql-tag'

/*
 * Operations from document.graphql
 */

export const testScalars = defineQuery<
  {
    /* variables */
  },
  {
    /* data */
    scalarString?: null | string
    scalarInt?: null | number
    scalarFloat?: null | number
    scalarBoolean?: null | boolean
    scalarID?: null | string
    scalarCustom?: null | any
    renamedString?: null | string
  }
>(gql\`
  query testScalars {
    scalarString
    scalarInt
    scalarFloat
    scalarBoolean
    scalarID
    scalarCustom

    renamedString: scalarString
  }
\`)

export const testNullability = defineQuery<
  {
    /* variables */
  },
  {
    /* data */
    nullableBoolean?: null | boolean
    nonNullableBoolean: boolean
  }
>(gql\`
  query testNullability {
    nullableBoolean
    nonNullableBoolean
  }
\`)

export const testNesting = defineQuery<
  {
    /* variables */
  },
  {
    /* data */
    nestedObject?: null | {
      recursive?: null | {
        recursive?: null | {
          scalar?: null | boolean
        }
      }
      nested?: null | {
        scalar?: null | number
      }
      scalar?: null | boolean
      list?: null | Array<string>
    }
  }
>(gql\`
  query testNesting {
    nestedObject {
      recursive {
        recursive {
          scalar
        }
      }
      nested {
        scalar
      }
      scalar
      list
    }
  }
\`)

export const testMethods = defineQuery<
  {
    /* variables */
    reqParam: string
    optParam: number
    input?: null | InputType
    list2: Array<any>
  },
  {
    /* data */
    method?: null | any
    renamedMethod?: null | Array<null | any>
  }
>(gql\`
  query testMethods(
    $reqParam: String!
    $optParam: Float!
    $input: InputType
    $list2: [CustomScalar!]!
  ) {
    method(requiredParam: $reqParam, optionalParam: $optParam, input: $input)
    renamedMethod: method2(list2: $list2)
  }
\`)

export const testScalarsMutation = defineMutation<
  {
    /* variables */
  },
  {
    /* data */
    scalarString?: null | string
    scalarInt?: null | number
    scalarFloat?: null | number
    scalarBoolean?: null | boolean
    scalarID?: null | string
    scalarCustom?: null | any
    renamedString?: null | string
  }
>(gql\`
  mutation testScalarsMutation {
    scalarString
    scalarInt
    scalarFloat
    scalarBoolean
    scalarID
    scalarCustom

    renamedString: scalarString
  }
\`)

export const testNullabilityMutation = defineMutation<
  {
    /* variables */
  },
  {
    /* data */
    nullableBoolean?: null | boolean
    nonNullableBoolean: boolean
  }
>(gql\`
  mutation testNullabilityMutation {
    nullableBoolean
    nonNullableBoolean
  }
\`)

export const testNestingMutation = defineMutation<
  {
    /* variables */
  },
  {
    /* data */
    nestedObject?: null | {
      recursive?: null | {
        recursive?: null | {
          scalar?: null | boolean
        }
      }
      nested?: null | {
        scalar?: null | number
      }
      scalar?: null | boolean
      list?: null | Array<string>
    }
  }
>(gql\`
  mutation testNestingMutation {
    nestedObject {
      recursive {
        recursive {
          scalar
        }
      }
      nested {
        scalar
      }
      scalar
      list
    }
  }
\`)

export const testMethodsMutation = defineMutation<
  {
    /* variables */
    reqParam: string
    optParam: number
    input?: null | InputType
    list2: Array<any>
  },
  {
    /* data */
    method?: null | any
    renamedMethod?: null | Array<null | any>
  }
>(gql\`
  mutation testMethodsMutation(
    $reqParam: String!
    $optParam: Float!
    $input: InputType
    $list2: [CustomScalar!]!
  ) {
    method(requiredParam: $reqParam, optionalParam: $optParam, input: $input)
    renamedMethod: method2(list2: $list2)
  }
\`)

/*
 * GraphQL InputTypes
 */

interface InputType {
  recursive?: InputType
  nested?: NestedInputType
  scalar?: boolean
  list?: ReadonlyArray<String>
}

interface NestedInputType {
  scalar?: number
}

/*
 * Boilerplate
 */

type Omit<T, K> = Pick<T, Exclude<keyof T, K>>
type Error = any
type QueryOpts<V> = Omit<WatchQueryOptions<V>, 'query'>
type MutateOpts<D, V> = Omit<MutationOptions<D, V>, 'mutation'>

// We grab the ApolloClient from this context within our hooks
type ContextType = { apolloClient?: ApolloClient<any> }
const apolloContext = createContext<ContextType>({})

// Must be inserted at the root of all components that want to use the hook
// functions supplied by this file.
export function ApolloHooksProvider({
  children,
  apolloClient,
}: {
  children: React.ReactNode
  apolloClient?: ApolloClient<any> | undefined
}) {
  const elementType = apolloContext.Provider
  const elementProps: React.ProviderProps<ContextType> = {
    value: { apolloClient },
  }
  return React.createElement(elementType, elementProps, children)
}

// Converts a gql-snippet into a user-callable function that takes options,
// which can then be passed to useApolloQuery to execute the query.
function defineQuery<V, D>(doc: DocumentNode) {
  return function configureQuery(opts: QueryOpts<V> = {}) {
    return function executeQuery(client: ApolloClient<any>) {
      return client.watchQuery<D>({ query: doc, ...opts })
    }
  }
}

// Executes a query that has been created by calling the exported function with
// the same name as the query operation.
// The React Hooks rules apply - this function must be called unconditionally
// within a functional React Component and will rerender the component whenever
// the query result changes.
export function useApolloQuery<D, V>(
  configuredQuery: (client: ApolloClient<any>) => ObservableQuery<D, V>
): [D | undefined, Error | undefined] {
  const { apolloClient } = useContext(apolloContext)
  if (!apolloClient) throw 'No ApolloClient provided'

  const watchQuery = configuredQuery(apolloClient)

  const [data, setData] = useState<D | undefined>(undefined)
  const [error, setError] = useState<Error | undefined>(undefined)
  useEffect(() => {
    const subscription = watchQuery.subscribe(
      result => setData(result.data),
      error => setError(error)
    )
    return () => subscription.unsubscribe()
  }, [])

  return [data, error]
}

// Converts a gql-snippet into a user-callable function that takes options,
// which can then be passed to useApolloMutation to provide the mutate function.
function defineMutation<V, D>(mutation: DocumentNode) {
  return function configureMutation(opts: MutateOpts<D, V> = {}) {
    return function loadMutation(client: ApolloClient<any>) {
      return function executeMutation(opts2: MutateOpts<D, V> = {}) {
        return client.mutate<D>({ mutation, ...opts, ...opts2 })
      }
    }
  }
}

// Prepares a mutate function when supplied with the exported function with
// the same name as the mutation operation.
// The React Hooks rules apply - this function must be called unconditionally
// within a functional React Component.
export function useApolloMutation<D, V>(
  configuredMutation: (
    client: ApolloClient<any>
  ) => (opts?: MutateOpts<D, V>) => Promise<FetchResult<D>>
) {
  const { apolloClient } = useContext(apolloContext)
  if (!apolloClient) throw 'No ApolloClient provided'
  const mutate = configuredMutation(apolloClient)
  return mutate
}
"
`;
